// Jest Snapshot v1, https://goo.gl/fbAQLP

exports[`CharacterCard Characters should match snapshot with all information passing in correctly 1`] = `
<section
  className="section_character-card"
>
  <img
    alt="loading"
    className="loading-img"
    src="https://media.giphy.com/media/JonSfMu0Kzs5K9Wu7I/giphy.gif"
  />
</section>
`;
