// Jest Snapshot v1, https://goo.gl/fbAQLP

exports[`Login should match snapshot 1`] = `
<section
  className="login_main"
>
  <h1>
    Harry Potter
  </h1>
  <h2
    className="login_witchcraft"
  >
    Witchcraft and Wizardry
  </h2>
  <form
    className="login_form"
  >
    <p
      className="login_msg"
    >
      Enter your name and select Witch or Wizard
    </p>
    <input
      className="name_input"
      onChange={[Function]}
      placeholder="Enter Name"
      type="text"
    />
    <h2
      className="wizardType_label"
    >
      Witch or Wizard
    </h2>
    <div
      className="wizardType_buttons"
    >
      <button
        className="wizardType_button"
        name="wizardType"
        onClick={[Function]}
        type="button"
        value="Witch"
      >
        Witch
      </button>
      <button
        className="wizardType_button"
        name="wizardType"
        onClick={[Function]}
        type="button"
        value="Wizard"
      >
        Wizard
      </button>
    </div>
    <Link
      to="/houses"
    />
  </form>
</section>
`;
